> Task :app:preBuild UP-TO-DATE
> Task :app:preDebugBuild UP-TO-DATE
> Task :app:mergeDebugNativeDebugMetadata NO-SOURCE
> Task :app:javaPreCompileDebug UP-TO-DATE
> Task :app:checkDebugAarMetadata UP-TO-DATE
> Task :app:generateDebugResValues UP-TO-DATE
> Task :app:mapDebugSourceSetPaths UP-TO-DATE
> Task :app:generateDebugResources UP-TO-DATE
> Task :app:mergeDebugResources UP-TO-DATE
> Task :app:packageDebugResources UP-TO-DATE
> Task :app:parseDebugLocalResources UP-TO-DATE
> Task :app:createDebugCompatibleScreenManifests UP-TO-DATE
> Task :app:extractDeepLinksDebug UP-TO-DATE
> Task :app:processDebugMainManifest UP-TO-DATE
> Task :app:processDebugManifest UP-TO-DATE
> Task :app:processDebugManifestForPackage UP-TO-DATE
> Task :app:processDebugResources UP-TO-DATE

> Task :app:compileDebugJavaWithJavac FAILED
.\gradlew.bat : D:\AndroidStudioProjects\LTDDcuoiki\UTE-Training-Points-System\app\src\main\java\vn\hcmute\utetrainingpointssystem\MainActivity.java:138: error: cannot find 
symbol
At line:1 char:70
+ ... ts-System"; .\gradlew.bat assembleDebug 2>&1 > build_output.txt; type ...
+                 ~~~~~~~~~~~~~~~~~~~~~~~~~~~~~~~~~~~~~~~~~~~~~~~~~~~
    + CategoryInfo          : NotSpecified: (D:\AndroidStudi...not find symbol:String) [], RemoteException
    + FullyQualifiedErrorId : NativeCommandError
 
        eventViewModel.fetchEvents(null);
                      ^
  symbol:   method fetchEvents(<null>)
  location: variable eventViewModel of type EventListViewModel
D:\AndroidStudioProjects\LTDDcuoiki\UTE-Training-Points-System\app\src\main\java\vn\hcmute\utetrainingpointssystem\MainActivity.java:169: error: cannot find symbol
                        eventViewModel.fetchEvents(selectedCategoryId);
                                      ^
  symbol:   method fetchEvents(Long)
  location: variable eventViewModel of type EventListViewModel
D:\AndroidStudioProjects\LTDDcuoiki\UTE-Training-Points-System\app\src\main\java\vn\hcmute\utetrainingpointssystem\MainActivity.java:200: error: cannot find symbol
                eventViewModel.fetchEvents(selectedCategoryId);
                              ^
  symbol:   method fetchEvents(Long)
  location: variable eventViewModel of type EventListViewModel
D:\AndroidStudioProjects\LTDDcuoiki\UTE-Training-Points-System\app\src\main\java\vn\hcmute\utetrainingpointssystem\MainActivity.java:220: error: cannot find symbol
            eventViewModel.fetchEvents(selectedCategoryId);
                          ^
  symbol:   method fetchEvents(Long)
  location: variable eventViewModel of type EventListViewModel
D:\AndroidStudioProjects\LTDDcuoiki\UTE-Training-Points-System\app\src\main\java\vn\hcmute\utetrainingpointssystem\MainActivity.java:227: error: cannot find symbol
            eventViewModel.fetchEvents(selectedCategoryId);
                          ^
  symbol:   method fetchEvents(Long)
  location: variable eventViewModel of type EventListViewModel
D:\AndroidStudioProjects\LTDDcuoiki\UTE-Training-Points-System\app\src\main\java\vn\hcmute\utetrainingpointssystem\ui\category\CategoryListActivity.java:44: error: 
incompatible types: bad type in conditional expression
                adapter.submitList(categories != null ? categories : new ArrayList<>());
                                                        ^
    Object cannot be converted to List<EventCategoryDTO>
D:\AndroidStudioProjects\LTDDcuoiki\UTE-Training-Points-System\app\src\main\java\vn\hcmute\utetrainingpointssystem\ui\event\AdminEventListActivity.java:52: error: 
constructor AdminEventAdapter in class AdminEventAdapter cannot be applied to given types;
        adapter = new AdminEventAdapter(
                  ^
  required: EventListViewModel,Context
  found:    this::openDetail,this::openEdit,this::confirmDelete
  reason: actual and formal argument lists differ in length
D:\AndroidStudioProjects\LTDDcuoiki\UTE-Training-Points-System\app\src\main\java\vn\hcmute\utetrainingpointssystem\ui\event\EventListActivity.java:65: error: incompatible 
types: bad type in conditional expression
                adapter.submitList(events != null ? events : new ArrayList<>());
                                                    ^
    Object cannot be converted to List<EventDTO>
D:\AndroidStudioProjects\LTDDcuoiki\UTE-Training-Points-System\app\src\main\java\vn\hcmute\utetrainingpointssystem\ui\user\UserListActivity.java:44: error: incompatible 
types: bad type in conditional expression
                adapter.submitList(users != null ? users : new ArrayList<>());
                                                   ^
    Object cannot be converted to List<UserDTO>
Note: Some messages have been simplified; recompile with -Xdiags:verbose to get full output
9 errors

[Incubating] Problems report is available at: file:///D:/AndroidStudioProjects/LTDDcuoiki/UTE-Training-Points-System/build/reports/problems/problems-report.html

FAILURE: Build failed with an exception.

* What went wrong:
Execution failed for task ':app:compileDebugJavaWithJavac'.
> Compilation failed; see the compiler output below.
  D:\AndroidStudioProjects\LTDDcuoiki\UTE-Training-Points-System\app\src\main\java\vn\hcmute\utetrainingpointssystem\MainActivity.java:138: error: cannot find symbol
          eventViewModel.fetchEvents(null);
                        ^
    symbol:   method fetchEvents(<null>)
    location: variable eventViewModel of type EventListViewModel
  D:\AndroidStudioProjects\LTDDcuoiki\UTE-Training-Points-System\app\src\main\java\vn\hcmute\utetrainingpointssystem\MainActivity.java:169: error: cannot find symbol
                          eventViewModel.fetchEvents(selectedCategoryId);
                                        ^
    symbol:   method fetchEvents(Long)
    location: variable eventViewModel of type EventListViewModel
  D:\AndroidStudioProjects\LTDDcuoiki\UTE-Training-Points-System\app\src\main\java\vn\hcmute\utetrainingpointssystem\MainActivity.java:200: error: cannot find symbol
                  eventViewModel.fetchEvents(selectedCategoryId);
                                ^
    symbol:   method fetchEvents(Long)
    location: variable eventViewModel of type EventListViewModel
  D:\AndroidStudioProjects\LTDDcuoiki\UTE-Training-Points-System\app\src\main\java\vn\hcmute\utetrainingpointssystem\MainActivity.java:220: error: cannot find symbol
              eventViewModel.fetchEvents(selectedCategoryId);
                            ^
    symbol:   method fetchEvents(Long)
    location: variable eventViewModel of type EventListViewModel
  D:\AndroidStudioProjects\LTDDcuoiki\UTE-Training-Points-System\app\src\main\java\vn\hcmute\utetrainingpointssystem\MainActivity.java:227: error: cannot find symbol
              eventViewModel.fetchEvents(selectedCategoryId);
                            ^
    symbol:   method fetchEvents(Long)
    location: variable eventViewModel of type EventListViewModel
  D:\AndroidStudioProjects\LTDDcuoiki\UTE-Training-Points-System\app\src\main\java\vn\hcmute\utetrainingpointssystem\ui\category\CategoryListActivity.java:44: error: 
incompatible types: bad type in conditional expression
                  adapter.submitList(categories != null ? categories : new ArrayList<>());
                                                          ^
      Object cannot be converted to List<EventCategoryDTO>
  D:\AndroidStudioProjects\LTDDcuoiki\UTE-Training-Points-System\app\src\main\java\vn\hcmute\utetrainingpointssystem\ui\event\AdminEventListActivity.java:52: error: 
constructor AdminEventAdapter in class AdminEventAdapter cannot be applied to given types;
          adapter = new AdminEventAdapter(
                    ^
    required: EventListViewModel,Context
    found:    this::openDetail,this::openEdit,this::confirmDelete
    reason: actual and formal argument lists differ in length
  D:\AndroidStudioProjects\LTDDcuoiki\UTE-Training-Points-System\app\src\main\java\vn\hcmute\utetrainingpointssystem\ui\event\EventListActivity.java:65: error: incompatible 
types: bad type in conditional expression
                  adapter.submitList(events != null ? events : new ArrayList<>());
                                                      ^
      Object cannot be converted to List<EventDTO>
  D:\AndroidStudioProjects\LTDDcuoiki\UTE-Training-Points-System\app\src\main\java\vn\hcmute\utetrainingpointssystem\ui\user\UserListActivity.java:44: error: incompatible 
types: bad type in conditional expression
                  adapter.submitList(users != null ? users : new ArrayList<>());
                                                     ^
      Object cannot be converted to List<UserDTO>
  Note: Some messages have been simplified; recompile with -Xdiags:verbose to get full output
  9 errors

* Try:
> Check your code and dependencies to fix the compilation error(s)
> Run with --scan to get full insights.

BUILD FAILED in 1s
15 actionable tasks: 1 executed, 14 up-to-date
